Command: D:\Python\python.exe experiments/scenario_B_fedavg.py --num_rounds 20 --seed 123
Return code: 0
Elapsed: 32.0s

================================================================================
SCENARIO B: FedAvg BASELINE
Using same data pipeline as Scenario C for fair comparison
================================================================================

[Step 1] Loading federated datasets (same split as Scenario C)...
  Rounds: 20, LR: 0.0005, Local Epochs: 20
  FedProx mu: 0.0 (pure FedAvg)
  Strategy: size_only
  Seed: 123
  Clients: ['Client 1', 'Client 2', 'Client 3']

[Step 2] Creating global model...
  Parameters: 28,993

[Step 3] Creating client agents...
  Client 1: 148 train, 38 val
  Client 2: 150 train, 38 val
  Client 3: 140 train, 36 val
============================================================
Starting MAS-FL Training (Phase 2: Multi-Strategy)
============================================================
  Rounds: 20
  Strategy: size_only
  Clients: ['Client 1', 'Client 2', 'Client 3']
  Learning Rate: 0.0005
  Local Epochs: 20

[Round 1] Strategy: size_only, LR=0.0005, Epochs=20
    Client 1: 148 samples, train_loss=1540.493140, val_mape=100.00%
    Client 2: 150 samples, train_loss=1588.878418, val_mape=100.00%
    Client 3: 140 samples, train_loss=1358.548657, val_mape=100.00%
    Weights: Client 1=0.338, Client 2=0.342, Client 3=0.320
    Global Val: MAPE=100.00%, RMSE=$3,907,335.00
    >>> New best model! Val MAPE=100.00%

[Round 2] Strategy: size_only, LR=0.0005, Epochs=20
    Client 1: 148 samples, train_loss=1476.917212, val_mape=99.99%
    Client 2: 150 samples, train_loss=1495.163647, val_mape=99.99%
    Client 3: 140 samples, train_loss=1244.787231, val_mape=100.00%
    Weights: Client 1=0.338, Client 2=0.342, Client 3=0.320
    Global Val: MAPE=100.00%, RMSE=$3,906,982.00
    >>> New best model! Val MAPE=100.00%

[Round 3] Strategy: size_only, LR=0.0005, Epochs=20
    Client 1: 148 samples, train_loss=1382.612402, val_mape=99.98%
    Client 2: 150 samples, train_loss=1405.968506, val_mape=99.97%
    Client 3: 140 samples, train_loss=1177.747705, val_mape=99.99%
    Weights: Client 1=0.338, Client 2=0.342, Client 3=0.320
    Global Val: MAPE=99.99%, RMSE=$3,905,952.25
    >>> New best model! Val MAPE=99.99%

[Round 4] Strategy: size_only, LR=0.0005, Epochs=20
    Client 1: 148 samples, train_loss=1308.860620, val_mape=99.93%
    Client 2: 150 samples, train_loss=1313.466284, val_mape=99.92%
    Client 3: 140 samples, train_loss=1130.278271, val_mape=99.94%
    Weights: Client 1=0.338, Client 2=0.342, Client 3=0.320
    Global Val: MAPE=99.96%, RMSE=$3,903,161.50
    >>> New best model! Val MAPE=99.96%

[Round 5] Strategy: size_only, LR=0.0005, Epochs=20
    Client 1: 148 samples, train_loss=1210.846021, val_mape=99.87%
    Client 2: 150 samples, train_loss=1227.828711, val_mape=99.83%
    Client 3: 140 samples, train_loss=1008.655090, val_mape=99.88%
    Weights: Client 1=0.338, Client 2=0.342, Client 3=0.320
    Global Val: MAPE=99.89%, RMSE=$3,900,073.00
    >>> New best model! Val MAPE=99.89%

[Round 6] Strategy: size_only, LR=0.0005, Epochs=20
    Client 1: 148 samples, train_loss=1093.749438, val_mape=99.76%
    Client 2: 150 samples, train_loss=1119.010034, val_mape=99.58%
    Client 3: 140 samples, train_loss=904.936755, val_mape=99.77%
    Weights: Client 1=0.338, Client 2=0.342, Client 3=0.320
    Global Val: MAPE=99.78%, RMSE=$3,893,849.50
    >>> New best model! Val MAPE=99.78%

[Round 7] Strategy: size_only, LR=0.0005, Epochs=20
    Client 1: 148 samples, train_loss=998.348340, val_mape=99.55%
    Client 2: 150 samples, train_loss=1004.394592, val_mape=99.14%
    Client 3: 140 samples, train_loss=838.360181, val_mape=99.56%
    Weights: Client 1=0.338, Client 2=0.342, Client 3=0.320
    Global Val: MAPE=99.51%, RMSE=$3,880,824.00
    >>> New best model! Val MAPE=99.51%

[Round 8] Strategy: size_only, LR=0.0005, Epochs=20
    Client 1: 148 samples, train_loss=888.293945, val_mape=99.10%
    Client 2: 150 samples, train_loss=896.774817, val_mape=98.59%
    Client 3: 140 samples, train_loss=740.261133, val_mape=99.27%
    Weights: Client 1=0.338, Client 2=0.342, Client 3=0.320
    Global Val: MAPE=99.10%, RMSE=$3,859,938.25
    >>> New best model! Val MAPE=99.10%

[Round 9] Strategy: size_only, LR=0.0005, Epochs=20
    Client 1: 148 samples, train_loss=799.851770, val_mape=98.62%
    Client 2: 150 samples, train_loss=794.663660, val_mape=97.64%
    Client 3: 140 samples, train_loss=633.518909, val_mape=98.50%
    Weights: Client 1=0.338, Client 2=0.342, Client 3=0.320
    Global Val: MAPE=98.44%, RMSE=$3,831,235.75
    >>> New best model! Val MAPE=98.44%

[Round 10] Strategy: size_only, LR=0.0005, Epochs=20
    Client 1: 148 samples, train_loss=659.940417, val_mape=97.80%
    Client 2: 150 samples, train_loss=672.374243, val_mape=96.35%
    Client 3: 140 samples, train_loss=547.549493, val_mape=97.62%
    Weights: Client 1=0.338, Client 2=0.342, Client 3=0.320
    Global Val: MAPE=97.33%, RMSE=$3,786,751.75
    >>> New best model! Val MAPE=97.33%

[Round 11] Strategy: size_only, LR=0.0005, Epochs=20
    Client 1: 148 samples, train_loss=547.178558, val_mape=96.33%
    Client 2: 150 samples, train_loss=580.311450, val_mape=94.39%
    Client 3: 140 samples, train_loss=430.327332, val_mape=95.64%
    Weights: Client 1=0.338, Client 2=0.342, Client 3=0.320
    Global Val: MAPE=95.58%, RMSE=$3,716,434.00
    >>> New best model! Val MAPE=95.58%

[Round 12] Strategy: size_only, LR=0.0005, Epochs=20
    Client 1: 148 samples, train_loss=438.060431, val_mape=93.86%
    Client 2: 150 samples, train_loss=457.787079, val_mape=91.17%
    Client 3: 140 samples, train_loss=332.726215, val_mape=92.15%
    Weights: Client 1=0.338, Client 2=0.342, Client 3=0.320
    Global Val: MAPE=92.72%, RMSE=$3,622,847.75
    >>> New best model! Val MAPE=92.72%

[Round 13] Strategy: size_only, LR=0.0005, Epochs=20
    Client 1: 148 samples, train_loss=347.608173, val_mape=90.33%
    Client 2: 150 samples, train_loss=351.536926, val_mape=86.69%
    Client 3: 140 samples, train_loss=263.325546, val_mape=87.29%
    Weights: Client 1=0.338, Client 2=0.342, Client 3=0.320
    Global Val: MAPE=88.33%, RMSE=$3,488,185.50
    >>> New best model! Val MAPE=88.33%

[Round 14] Strategy: size_only, LR=0.0005, Epochs=20
    Client 1: 148 samples, train_loss=267.439008, val_mape=85.42%
    Client 2: 150 samples, train_loss=272.294965, val_mape=81.12%
    Client 3: 140 samples, train_loss=185.398096, val_mape=79.20%
    Weights: Client 1=0.338, Client 2=0.342, Client 3=0.320
    Global Val: MAPE=82.95%, RMSE=$3,324,222.75
    >>> New best model! Val MAPE=82.95%

[Round 15] Strategy: size_only, LR=0.0005, Epochs=20
    Client 1: 148 samples, train_loss=184.406381, val_mape=76.70%
    Client 2: 150 samples, train_loss=182.528113, val_mape=71.22%
    Client 3: 140 samples, train_loss=131.477647, val_mape=69.36%
    Weights: Client 1=0.338, Client 2=0.342, Client 3=0.320
    Global Val: MAPE=73.15%, RMSE=$3,083,404.25
    >>> New best model! Val MAPE=73.15%

[Round 16] Strategy: size_only, LR=0.0005, Epochs=20
    Client 1: 148 samples, train_loss=117.346425, val_mape=64.99%
    Client 2: 150 samples, train_loss=123.270200, val_mape=60.99%
    Client 3: 140 samples, train_loss=82.703369, val_mape=57.60%
    Weights: Client 1=0.338, Client 2=0.342, Client 3=0.320
    Global Val: MAPE=61.35%, RMSE=$2,805,676.50
    >>> New best model! Val MAPE=61.35%

[Round 17] Strategy: size_only, LR=0.0005, Epochs=20
    Client 1: 148 samples, train_loss=79.238445, val_mape=51.56%
    Client 2: 150 samples, train_loss=79.413966, val_mape=51.07%
    Client 3: 140 samples, train_loss=42.435206, val_mape=44.69%
    Weights: Client 1=0.338, Client 2=0.342, Client 3=0.320
    Global Val: MAPE=49.33%, RMSE=$2,485,092.75
    >>> New best model! Val MAPE=49.33%

[Round 18] Strategy: size_only, LR=0.0005, Epochs=20
    Client 1: 148 samples, train_loss=50.151389, val_mape=42.96%
    Client 2: 150 samples, train_loss=37.955351, val_mape=38.93%
    Client 3: 140 samples, train_loss=33.834594, val_mape=43.39%
    Weights: Client 1=0.338, Client 2=0.342, Client 3=0.320
    Global Val: MAPE=41.30%, RMSE=$2,187,538.25
    >>> New best model! Val MAPE=41.30%

[Round 19] Strategy: size_only, LR=0.0005, Epochs=20
    Client 1: 148 samples, train_loss=35.511350, val_mape=40.64%
    Client 2: 150 samples, train_loss=33.069997, val_mape=36.89%
    Client 3: 140 samples, train_loss=28.489157, val_mape=45.63%
    Weights: Client 1=0.338, Client 2=0.342, Client 3=0.320
    Global Val: MAPE=39.81%, RMSE=$1,990,028.00
    >>> New best model! Val MAPE=39.81%

[Round 20] Strategy: size_only, LR=0.0005, Epochs=20
    Client 1: 148 samples, train_loss=30.599323, val_mape=44.18%
    Client 2: 150 samples, train_loss=28.402430, val_mape=36.50%
    Client 3: 140 samples, train_loss=25.395355, val_mape=46.84%
    Weights: Client 1=0.338, Client 2=0.342, Client 3=0.320
    Global Val: MAPE=42.58%, RMSE=$1,877,713.25

------------------------------------------------------------
Restoring Best Checkpoint...
------------------------------------------------------------
  Last round (Round 20) Val MAPE: 42.58%
  Best round (Round 19) Val MAPE: 39.81%
  >>> Model restored to Round 19 (best checkpoint)

  Evaluating best checkpoint on test set...

============================================================
Training Completed!
============================================================
  Strategy: size_only
  Best Round: 19
  Best Val MAPE: 39.81%

Test Set Results (using best checkpoint):
  MAPE:  50.64%
  RMSE:  $1,612,047.88
  MAE:   $1,118,802.00
  MPE:   -0.81%
  NRMSE: 18.08%
  R2:    0.3885

[Saving] Results and logs...
  Model saved: results\models\fedavg_global_model.pth
  Saved: results\logs\scene_B_round_metrics.csv
  Saved: results\logs\scene_B_client_metrics.csv
  Saved: results\logs\scene_B_training_history.json
  Results saved: results\fedavg_results.csv

================================================================================
SCENARIO B COMPLETED!
================================================================================
  Best Round: 19
  Best Val MAPE: 39.81%
  Test MAPE:  50.64%
  Test RMSE:  $1,612,047.88
  Test MAE:   $1,118,802.00
  Test R2:    0.3885
================================================================================

--- STDERR ---
2026-05-24 19:43:35 - FedAvg - INFO - Scenario B completed: Test MAPE=50.64%
