======================================================================
MULTI-SEED EXPERIMENT RUNNER
======================================================================
Scenarios: ['A', 'A_prime', 'B', 'FEDYOGI', 'VG_FEDYOGI_TR', 'MAS_VG_FEDYOGI_TR']
Seeds: [42, 123, 456, 789, 2024]
Total runs: 30

============================================================
Experiment: GBR传统机器学习 [A]
============================================================

  Running GBR传统机器学习 (seed=42)...
    [OK] 8.5s MAPE=0.5505476287404255

  Running GBR传统机器学习 (seed=123)...
    [OK] 8.1s MAPE=0.5767789349730309

  Running GBR传统机器学习 (seed=456)...
    [OK] 7.8s MAPE=0.5600261774288104

  Running GBR传统机器学习 (seed=789)...
    [OK] 7.8s MAPE=0.5533432184941232

  Running GBR传统机器学习 (seed=2024)...
    [OK] 7.9s MAPE=0.5481212175843564

============================================================
Experiment: ANN传统神经网络 [A_prime]
============================================================

  Running ANN传统神经网络 (seed=42)...
    [OK] 23.9s MAPE=0.50023735

  Running ANN传统神经网络 (seed=123)...
    [OK] 22.5s MAPE=0.55781096

  Running ANN传统神经网络 (seed=456)...
    [OK] 23.7s MAPE=0.5678357

  Running ANN传统神经网络 (seed=789)...
    [OK] 23.9s MAPE=0.50776494

  Running ANN传统神经网络 (seed=2024)...
    [OK] 89.4s MAPE=0.46942323

============================================================
Experiment: 传统联邦学习 [B]
============================================================

  Running 传统联邦学习 (seed=42)...
    [OK] 47.5s MAPE=0.42065084

  Running 传统联邦学习 (seed=123)...
    [OK] 53.7s MAPE=0.50635946

  Running 传统联邦学习 (seed=456)...
    [OK] 46.7s MAPE=0.56156653

  Running 传统联邦学习 (seed=789)...
    [OK] 43.7s MAPE=0.541448

  Running 传统联邦学习 (seed=2024)...
    [OK] 42.2s MAPE=0.5514225

============================================================
Experiment: 自适应联邦学习（FedYogi-TR） [FEDYOGI]
============================================================

  Running 自适应联邦学习（FedYogi-TR） (seed=42)...
    [OK] 55.1s MAPE=0.42136717

  Running 自适应联邦学习（FedYogi-TR） (seed=123)...
    [OK] 56.2s MAPE=0.5029395

  Running 自适应联邦学习（FedYogi-TR） (seed=456)...
    [OK] 54.3s MAPE=0.5405681

  Running 自适应联邦学习（FedYogi-TR） (seed=789)...
    [OK] 57.1s MAPE=0.5321561

  Running 自适应联邦学习（FedYogi-TR） (seed=2024)...
    [OK] 57.0s MAPE=0.60579515

============================================================
Experiment: 验证引导自适应联邦学习（VG-FedYogi-TR） [VG_FEDYOGI_TR]
============================================================

  Running 验证引导自适应联邦学习（VG-FedYogi-TR） (seed=42)...
    [OK] 81.4s MAPE=0.43280682

  Running 验证引导自适应联邦学习（VG-FedYogi-TR） (seed=123)...
    [OK] 88.8s MAPE=0.444268

  Running 验证引导自适应联邦学习（VG-FedYogi-TR） (seed=456)...
    [OK] 89.8s MAPE=0.4628892

  Running 验证引导自适应联邦学习（VG-FedYogi-TR） (seed=789)...
    [OK] 85.7s MAPE=0.6281659

  Running 验证引导自适应联邦学习（VG-FedYogi-TR） (seed=2024)...
    [OK] 84.2s MAPE=0.45010802

============================================================
Experiment: 多智能体协同验证引导自适应联邦学习（MAS-VG-FedYogi-TR） [MAS_VG_FEDYOGI_TR]
============================================================

  Running 多智能体协同验证引导自适应联邦学习（MAS-VG-FedYogi-TR） (seed=42)...
    [OK] 149.1s MAPE=0.42551887

  Running 多智能体协同验证引导自适应联邦学习（MAS-VG-FedYogi-TR） (seed=123)...
    [OK] 142.5s MAPE=0.44625893

  Running 多智能体协同验证引导自适应联邦学习（MAS-VG-FedYogi-TR） (seed=456)...
    [OK] 142.9s MAPE=0.4668491

  Running 多智能体协同验证引导自适应联邦学习（MAS-VG-FedYogi-TR） (seed=789)...
    [OK] 149.6s MAPE=0.59409255

  Running 多智能体协同验证引导自适应联邦学习（MAS-VG-FedYogi-TR） (seed=2024)...
    [OK] 149236.5s MAPE=0.47072884


All results saved to results\multi_seed\all_results.csv

======================================================================
MULTI-SEED SUMMARY (mean +/- std)
======================================================================

  GBR传统机器学习: n=5
    MAPE: 55.78% +/- 1.15%
    RMSE: $1,442,584 +/- $42,375
    MAE: $1,092,581 +/- $29,867
    MPE: 22.21% +/- 0.95%

  ANN传统神经网络: n=5
    MAPE: 52.06% +/- 4.13%
    RMSE: $1,486,291 +/- $47,043
    MAE: $1,038,152 +/- $41,325
    MPE: 17.04% +/- 4.56%
    R2: 0.4798 +/- 0.0331
    MAPE (bias corrected): 48.43% +/- 2.72%

  传统联邦学习: n=5
    MAPE: 51.63% +/- 5.74%
    RMSE: $1,716,607 +/- $122,275
    MAE: $1,242,667 +/- $131,528
    MPE: -12.05% +/- 13.05%
    R2: 0.3038 +/- 0.1027
    MAPE (bias corrected): 51.86% +/- 6.19%

  自适应联邦学习（FedYogi-TR）: n=5
    MAPE: 52.06% +/- 6.70%
    RMSE: $1,748,026 +/- $152,211
    MAE: $1,258,498 +/- $171,974
    MPE: -15.21% +/- 13.32%
    R2: 0.2766 +/- 0.1323
    MAPE (bias corrected): 52.38% +/- 6.38%

  验证引导自适应联邦学习（VG-FedYogi-TR）: n=5
    MAPE: 48.36% +/- 8.15%
    RMSE: $1,632,257 +/- $67,643
    MAE: $1,162,409 +/- $67,932
    MPE: -8.68% +/- 16.24%
    R2: 0.3722 +/- 0.0523
    MAPE (bias corrected): 49.00% +/- 7.17%

  多智能体协同验证引导自适应联邦学习（MAS-VG-FedYogi-TR）: n=5
    MAPE: 48.07% +/- 6.59%
    RMSE: $1,635,553 +/- $52,225
    MAE: $1,173,677 +/- $52,011
    MPE: -10.28% +/- 14.44%
    R2: 0.3700 +/- 0.0405
    MAPE (bias corrected): 48.92% +/- 6.26%


Next step: python scripts/statistical_analysis.py
