======================================================================
MULTI-SEED EXPERIMENT RUNNER
======================================================================
Scenarios: ['A', 'A_prime', 'B']
Seeds: [42, 123, 456, 789, 2024]
Total runs: 15

============================================================
Experiment: GBR传统机器学习 [A]
============================================================

  Running GBR传统机器学习 (seed=42)...
    [OK] 35.8s MAPE=0.5505476287404255

  Running GBR传统机器学习 (seed=123)...
    [OK] 1040.2s MAPE=0.5767789349730309

  Running GBR传统机器学习 (seed=456)...
    [OK] 9.8s MAPE=0.5600261774288104

  Running GBR传统机器学习 (seed=789)...
    [OK] 8.7s MAPE=0.5533432184941232

  Running GBR传统机器学习 (seed=2024)...
    [OK] 9.1s MAPE=0.5481212175843564

============================================================
Experiment: ANN传统神经网络 [A_prime]
============================================================

  Running ANN传统神经网络 (seed=42)...
    [OK] 31.7s MAPE=0.50023735

  Running ANN传统神经网络 (seed=123)...
    [OK] 38.0s MAPE=0.55781096

  Running ANN传统神经网络 (seed=456)...
    [OK] 33.3s MAPE=0.5678357

  Running ANN传统神经网络 (seed=789)...
    [OK] 48.0s MAPE=0.50776494

  Running ANN传统神经网络 (seed=2024)...
    [OK] 25.8s MAPE=0.46942323

============================================================
Experiment: 传统联邦学习 [B]
============================================================

  Running 传统联邦学习 (seed=42)...
    [OK] 43.7s MAPE=0.42065084

  Running 传统联邦学习 (seed=123)...
    [OK] 38.5s MAPE=0.50635946

  Running 传统联邦学习 (seed=456)...
    [OK] 44.5s MAPE=0.56156653

  Running 传统联邦学习 (seed=789)...
    [OK] 49.3s MAPE=0.541448

  Running 传统联邦学习 (seed=2024)...
    [OK] 55.5s MAPE=0.5514225


All results saved to results\multi_seed\all_results.csv

======================================================================
MULTI-SEED SUMMARY (mean +/- std)
======================================================================

  GBR传统机器学习: n=5
    MAPE: 55.78% +/- 1.15%
    RMSE: $1,442,584 +/- $42,375
    MAE: $1,092,581 +/- $29,867
    MPE: 22.21% +/- 0.95%

  ANN传统神经网络: n=5
    MAPE: 52.06% +/- 4.13%
    RMSE: $1,486,291 +/- $47,043
    MAE: $1,038,152 +/- $41,325
    MPE: 17.04% +/- 4.56%
    R2: 0.4798 +/- 0.0331
    MAPE (bias corrected): 48.43% +/- 2.72%

  传统联邦学习: n=5
    MAPE: 51.63% +/- 5.74%
    RMSE: $1,716,607 +/- $122,275
    MAE: $1,242,667 +/- $131,528
    MPE: -12.05% +/- 13.05%
    R2: 0.3038 +/- 0.1027
    MAPE (bias corrected): 51.86% +/- 6.19%


Next step: python scripts/statistical_analysis.py
